[0;40;32m-------------------------------------------------------------------------------
[37m [1mRecipient[0m [[26C][6C[1mArea[0m [[26C]
   [1mSubject[0m [[26C]
[32m-------------------------------------------------------------------------------










---[1m[[37mQuote Window[32m][0;32m--------------------------------------------------------------







------------------------------------------------------------------[1m[[37mMagiEdit2[32m][0;32m--
[37m  [1;32mCtrl[0m [1;32mQ[0m [1mQuote [32mCtrl[0m [1;32mX[0m [1mAbort
