[0;40;32m-------------------------------------------------------------------------------
[37m [1mRecipient[0m [1;33m[[0m[26C[1;33m][0m[6C[1mArea[0m [1;33m[[0m[26C[1;33m]
[0m   [1mSubject[0m [1;33m[[0m[26C[1;33m]
[0;32m-------------------------------------------------------------------------------










---[1m[[37mQuote Window[32m][0;32m--------------------------------------------------------------







--[1m[[33mCtrl Q[0m [1mQuote [33mCtrl X[0m [1mAbort[32m][0;32m-------------------------------------[1m[[37mMagiEdit2[32m][0;32m--
